warning: `render` takes `bool` parameters `wrap` and `color`, and 2 of its 3 calls pass bare `true`/`false` for both, so at `render(.., true, false)` nothing says which flag is which and the swapped call compiles too
  --> $DIR/bare_bool_args.rs:5:4
   |
LL | fn render(text: &str, wrap: bool, color: bool) -> usize {
   |    ^^^^^^
   |
note: one of those calls
  --> $DIR/bare_bool_args.rs:62:13
   |
LL |     let _ = render("a", true, false);
   |             ^^^^^^^^^^^^^^^^^^^^^^^^
   = help: give `wrap` and `color` each a two-variant enum type named for the flag (or group them in an options struct), so every call names what it sets and a swap is a type error
   = note: `#[warn(bare_bool_args)]` on by default

warning: `open` takes `bool` parameters `create`, `truncate` and `append`, and 2 of its 2 calls pass bare `true`/`false` for at least two of them, so at `open(true, false, ..)` nothing says which flag is which and the swapped call compiles too
  --> $DIR/bare_bool_args.rs:16:8
   |
LL |     fn open(&mut self, create: bool, truncate: bool, append: bool) -> usize {
   |        ^^^^
   |
note: one of those calls
  --> $DIR/bare_bool_args.rs:68:13
   |
LL |     let _ = f.open(true, false, append);
   |             ^^^^^^^^^^^^^^^^^^^^^^^^^^^
   = help: give `create`, `truncate` and `append` each a two-variant enum type named for the flag (or group them in an options struct), so every call names what it sets and a swap is a type error

warning: 2 warnings emitted

