warning: `u8` is reinterpreted as `level::Level` by `mem::transmute` here, but `Level::try_from` converts `u8` to `level::Level` and can refuse a value; this site accepts any bit pattern
  --> $DIR/cast_bypasses_from.rs:195:14
   |
LL |     unsafe { core::mem::transmute::<u8, Level>(n) }
   |              ^^^^^^^^^^^^^^^^^^^^^^^^^^^^^^^^^^^^
   |
note: the conversion this site skips
  --> $DIR/cast_bypasses_from.rs:16:9
   |
LL |         fn try_from(n: u8) -> Result<Self, u8> {
   |         ^^^^^^^^^^^^^^^^^^^^^^^^^^^^^^^^^^^^^^
   = help: convert through that function, or put an unchecked constructor beside it so both sit with the layout they depend on
   = note: `#[warn(cast_bypasses_from)]` on by default

warning: `u16` is reinterpreted as `code::Code` by `mem::transmute` here, but `Code::from_raw` converts `u32` to `code::Code` and can refuse a value; this site accepts any bit pattern
  --> $DIR/cast_bypasses_from.rs:200:14
   |
LL |     unsafe { core::mem::transmute::<u16, Code>(n as u16) }
   |              ^^^^^^^^^^^^^^^^^^^^^^^^^^^^^^^^^^^^^^^^^^^
   |
note: the conversion this site skips
  --> $DIR/cast_bypasses_from.rs:41:9
   |
LL |         pub fn from_raw(n: u32) -> Option<Code> {
   |         ^^^^^^^^^^^^^^^^^^^^^^^^^^^^^^^^^^^^^^^
   = help: convert through that function, or put an unchecked constructor beside it so both sit with the layout they depend on

warning: `u16` is reinterpreted as `code::Code` by `mem::transmute_copy` here, but `Code::from_raw` converts `u32` to `code::Code` and can refuse a value; this site accepts any bit pattern
  --> $DIR/cast_bypasses_from.rs:205:14
   |
LL |     unsafe { core::mem::transmute_copy::<u16, Code>(n) }
   |              ^^^^^^^^^^^^^^^^^^^^^^^^^^^^^^^^^^^^^^^^^
   |
note: the conversion this site skips
  --> $DIR/cast_bypasses_from.rs:41:9
   |
LL |         pub fn from_raw(n: u32) -> Option<Code> {
   |         ^^^^^^^^^^^^^^^^^^^^^^^^^^^^^^^^^^^^^^^
   = help: convert through that function, or put an unchecked constructor beside it so both sit with the layout they depend on

warning: `i32` is reinterpreted as `fd::Fd` by `mem::transmute` here, but `Fd::new` is how `i32` becomes `fd::Fd`; this site goes around it
  --> $DIR/cast_bypasses_from.rs:210:14
   |
LL |     unsafe { core::mem::transmute::<i32, Fd>(raw) }
   |              ^^^^^^^^^^^^^^^^^^^^^^^^^^^^^^^^^^^^
   |
note: the conversion this site skips
  --> $DIR/cast_bypasses_from.rs:57:9
   |
LL |         pub fn new(raw: i32) -> Fd {
   |         ^^^^^^^^^^^^^^^^^^^^^^^^^^
   = help: convert through that function, or put an unchecked constructor beside it so both sit with the layout they depend on

warning: `u32` is reinterpreted as `meters::Meters` by a pointer cast here, but `Meters::from` is how `u32` becomes `meters::Meters`; this site goes around it
  --> $DIR/cast_bypasses_from.rs:215:15
   |
LL |     unsafe { *(n as *const u32 as *const Meters) }
   |               ^^^^^^^^^^^^^^^^^^^^^^^^^^^^^^^^^^
   |
note: the conversion this site skips
  --> $DIR/cast_bypasses_from.rs:74:9
   |
LL |         fn from(n: u32) -> Meters {
   |         ^^^^^^^^^^^^^^^^^^^^^^^^^
   = help: convert through that function, or put an unchecked constructor beside it so both sit with the layout they depend on

warning: `u32` is reinterpreted as `meters::Meters` by a pointer cast here, but `Meters::from` is how `u32` becomes `meters::Meters`; this site goes around it
  --> $DIR/cast_bypasses_from.rs:220:14
   |
LL |     unsafe { p.cast::<Meters>().read() }
   |              ^^^^^^^^^^^^^^^^^^
   |
note: the conversion this site skips
  --> $DIR/cast_bypasses_from.rs:74:9
   |
LL |         fn from(n: u32) -> Meters {
   |         ^^^^^^^^^^^^^^^^^^^^^^^^^
   = help: convert through that function, or put an unchecked constructor beside it so both sit with the layout they depend on

warning: `u32` is reinterpreted as `meters::Meters` by `mem::transmute` here, but `Meters::from` is how `u32` becomes `meters::Meters`; this site goes around it
  --> $DIR/cast_bypasses_from.rs:225:14
   |
LL |     unsafe { core::mem::transmute::<&u32, &Meters>(n) }
   |              ^^^^^^^^^^^^^^^^^^^^^^^^^^^^^^^^^^^^^^^^
   |
note: the conversion this site skips
  --> $DIR/cast_bypasses_from.rs:74:9
   |
LL |         fn from(n: u32) -> Meters {
   |         ^^^^^^^^^^^^^^^^^^^^^^^^^
   = help: convert through that function, or put an unchecked constructor beside it so both sit with the layout they depend on

warning: `u32` is reinterpreted as `meters::Meters` by `mem::transmute` here, but `Meters::from` is how `u32` becomes `meters::Meters`; this site goes around it
  --> $DIR/cast_bypasses_from.rs:230:14
   |
LL |     unsafe { core::mem::transmute::<&u32, &Meters>(v) }
   |              ^^^^^^^^^^^^^^^^^^^^^^^^^^^^^^^^^^^^^^^^
   |
note: the conversion this site skips
  --> $DIR/cast_bypasses_from.rs:74:9
   |
LL |         fn from(n: u32) -> Meters {
   |         ^^^^^^^^^^^^^^^^^^^^^^^^^
   = help: convert through that function, or put an unchecked constructor beside it so both sit with the layout they depend on

warning: `u32` is reinterpreted as `meters::Meters` by a pointer cast here, but `Meters::from` is how `u32` becomes `meters::Meters`; this site goes around it
  --> $DIR/cast_bypasses_from.rs:237:25
   |
LL |         sum += unsafe { p.cast::<Meters>().read() }.0;
   |                         ^^^^^^^^^^^^^^^^^^
   |
note: the conversion this site skips
  --> $DIR/cast_bypasses_from.rs:74:9
   |
LL |         fn from(n: u32) -> Meters {
   |         ^^^^^^^^^^^^^^^^^^^^^^^^^
   = help: convert through that function, or put an unchecked constructor beside it so both sit with the layout they depend on

warning: `f32` is reinterpreted as `px::Px<px::Screen>` by `mem::transmute` here, but `Px::from` is how `f32` becomes `px::Px<px::Screen>`; this site goes around it
  --> $DIR/cast_bypasses_from.rs:244:14
   |
LL |     unsafe { core::mem::transmute::<f32, Px<Screen>>(v) }
   |              ^^^^^^^^^^^^^^^^^^^^^^^^^^^^^^^^^^^^^^^^^^
   |
note: the conversion this site skips
  --> $DIR/cast_bypasses_from.rs:122:9
   |
LL |         fn from(v: f32) -> Px<Screen> {
   |         ^^^^^^^^^^^^^^^^^^^^^^^^^^^^^
   = help: convert through that function, or put an unchecked constructor beside it so both sit with the layout they depend on

warning: `[u8; 4]` is reinterpreted as `hdr::Hdr` by `mem::transmute` here, but `Hdr::from` is how `&[u8; 4]` becomes `hdr::Hdr`; this site goes around it
  --> $DIR/cast_bypasses_from.rs:254:14
   |
LL |     unsafe { core::mem::transmute::<[u8; 4], Hdr>(*b) }
   |              ^^^^^^^^^^^^^^^^^^^^^^^^^^^^^^^^^^^^^^^^
   |
note: the conversion this site skips
  --> $DIR/cast_bypasses_from.rs:134:9
   |
LL |         fn from(b: &'a [u8; 4]) -> Hdr {
   |         ^^^^^^^^^^^^^^^^^^^^^^^^^^^^^^
   = help: convert through that function, or put an unchecked constructor beside it so both sit with the layout they depend on

warning: `[u8; 4]` is reinterpreted as `hdr::Hdr` by a pointer cast here, but `Hdr::from` is how `&[u8; 4]` becomes `hdr::Hdr`; this site goes around it
  --> $DIR/cast_bypasses_from.rs:259:16
   |
LL |     unsafe { &*(b as *const [u8; 4] as *const Hdr) }
   |                ^^^^^^^^^^^^^^^^^^^^^^^^^^^^^^^^^^^
   |
note: the conversion this site skips
  --> $DIR/cast_bypasses_from.rs:134:9
   |
LL |         fn from(b: &'a [u8; 4]) -> Hdr {
   |         ^^^^^^^^^^^^^^^^^^^^^^^^^^^^^^
   = help: convert through that function, or put an unchecked constructor beside it so both sit with the layout they depend on

warning: `[u8]` is reinterpreted as `name::NameRef` by a pointer cast here, but `NameRef::new` converts `&[u8]` to `name::NameRef` and can refuse a value; this site accepts any bit pattern
  --> $DIR/cast_bypasses_from.rs:264:16
   |
LL |     unsafe { &*(b as *const [u8] as *const NameRef) }
   |                ^^^^^^^^^^^^^^^^^^^^^^^^^^^^^^^^^^^^
   |
note: the conversion this site skips
  --> $DIR/cast_bypasses_from.rs:146:9
   |
LL |         pub fn new(b: &[u8]) -> Option<&NameRef> {
   |         ^^^^^^^^^^^^^^^^^^^^^^^^^^^^^^^^^^^^^^^^
   = help: convert through that function, or put an unchecked constructor beside it so both sit with the layout they depend on

warning: `&[u8]` is reinterpreted as `name::Str<'_>` by `mem::transmute` here, but `Str::new` converts `&[u8]` to `name::Str<'_>` and can refuse a value; this site accepts any bit pattern
  --> $DIR/cast_bypasses_from.rs:269:14
   |
LL |     unsafe { core::mem::transmute::<&[u8], Str<'_>>(b) }
   |              ^^^^^^^^^^^^^^^^^^^^^^^^^^^^^^^^^^^^^^^^^
   |
note: the conversion this site skips
  --> $DIR/cast_bypasses_from.rs:160:9
   |
LL |         pub fn new(b: &[u8]) -> Option<Str<'_>> {
   |         ^^^^^^^^^^^^^^^^^^^^^^^^^^^^^^^^^^^^^^^
   = help: convert through that function, or put an unchecked constructor beside it so both sit with the layout they depend on

warning: `gate::Gate` is produced by `mem::transmute` here, but `Gate::new` checks `v` before constructing one
  --> $DIR/cast_bypasses_from.rs:274:14
   |
LL |     unsafe { core::mem::transmute::<u8, Gate>(n) }
   |              ^^^^^^^^^^^^^^^^^^^^^^^^^^^^^^^^^^^
   |
note: the check this value never went through
  --> $DIR/cast_bypasses_from.rs:176:16
   |
LL |             if v < 2 { Some(Gate { v }) } else { None }
   |                ^^^^^
   = help: construct through the validating function
   = note: `#[warn(unchecked_construction)]` on by default

warning: 15 warnings emitted

