warning: `limit` is always the same value for a given `ceiling` in all 3 places `Exceeded` is constructed, so it is a copy of something `ceiling` already decides
  --> $DIR/derived_field.rs:15:1
   |
LL | pub struct Exceeded {
   | ^^^^^^^^^^^^^^^^^^^
   |
note: one of the constructions that pairs them
  --> $DIR/derived_field.rs:22:5
   |
LL | /     Exceeded {
LL | |         ceiling: Ceiling::Words,
LL | |         limit: MAX_WORDS,
LL | |         wanted,
LL | |     }
   | |_____^
   = help: give `Ceiling` a `fn limit(&self)` and delete the `limit` field; then a mismatched pair cannot be written
   = note: `#[warn(derived_field)]` on by default

warning: `remaining` is always the same value for a given `header` in all 2 places `Entries` is constructed, so it is a copy of something `header` already decides
  --> $DIR/derived_field.rs:56:1
   |
LL | pub struct Entries<'a> {
   | ^^^^^^^^^^^^^^^^^^^^^^
   |
note: one of the constructions that pairs them
  --> $DIR/derived_field.rs:63:5
   |
LL | /     Entries {
LL | |         buf,
LL | |         header: Header::Narrow,
LL | |         remaining: None,
LL | |     }
   | |_____^
   = help: give `Header` a `fn remaining(&self)` and delete the `remaining` field; then a mismatched pair cannot be written

warning: 2 warnings emitted

