warning: `l.resolutions` is indexed by `pkg_id` here, but everywhere else in this function (1 site) it is indexed by `dep_id` and `pkg_id` is what indexes `l.packages`, so this looks like an index into the wrong table and, both being plain integers, it compiles
  --> $DIR/index_of_other_kind.rs:15:17
   |
LL |     let stale = l.resolutions[pkg_id as usize];
   |                 ^^^^^^^^^^^^^^^^^^^^^^^^^^^^^^
   |
note: `l.resolutions` indexed by its usual kind
  --> $DIR/index_of_other_kind.rs:12:20
   |
LL |     let resolved = l.resolutions[dep_id as usize];
   |                    ^^^^^^^^^^^^^^^^^^^^^^^^^^^^^^
   = help: give `l.resolutions` and `l.packages` each an index newtype and implement `Index` only for its own, so `l.resolutions[pkg_id]` is a type error; if this line is intended, rename the index to say so
   = note: `#[warn(index_of_other_kind)]` on by default

warning: `parts` is indexed by `source_index` here, but everywhere else in this function (1 site) it is indexed by `part_index` and `source_index` is what indexes `sources`, so this looks like an index into the wrong table and, both being plain integers, it compiles
  --> $DIR/index_of_other_kind.rs:29:19
   |
LL |     let crossed = parts.get(source_index);
   |                   ^^^^^^^^^^^^^^^^^^^^^^^
   |
note: `parts` indexed by its usual kind
  --> $DIR/index_of_other_kind.rs:26:16
   |
LL |     let part = parts.get(part_index);
   |                ^^^^^^^^^^^^^^^^^^^^^
   = help: give `parts` and `sources` each an index newtype and implement `Index` only for its own, so `parts[source_index]` is a type error; if this line is intended, rename the index to say so

warning: `self.files` is indexed by `part_index` here, but everywhere else in this function (1 site) it is indexed by `source_index` and `part_index` is what indexes `self.parts[..]`, so this looks like an index into the wrong table and, both being plain integers, it compiles
  --> $DIR/index_of_other_kind.rs:44:17
   |
LL |         let _ = self.files.get_mut(part_index as usize);
   |                 ^^^^^^^^^^^^^^^^^^^^^^^^^^^^^^^^^^^^^^^
   |
note: `self.files` indexed by its usual kind
  --> $DIR/index_of_other_kind.rs:41:17
   |
LL |         let _ = self.files[source_index as usize];
   |                 ^^^^^^^^^^^^^^^^^^^^^^^^^^^^^^^^^
   = help: give `self.files` and `self.parts[..]` each an index newtype and implement `Index` only for its own, so `self.files[part_index]` is a type error; if this line is intended, rename the index to say so

warning: `states` is indexed by `dep_idx` here, but everywhere else in this function (1 site) it is indexed by `root_id` and `dep_id` (the same kind as `dep_idx`) is what indexes `dependencies`, so this looks like an index into the wrong table and, both being plain integers, it compiles
  --> $DIR/index_of_other_kind.rs:78:24
   |
LL |     unvisited + name + states[dep_idx]
   |                        ^^^^^^^^^^^^^^^
   |
note: `states` indexed by its usual kind
  --> $DIR/index_of_other_kind.rs:75:21
   |
LL |     let unvisited = states[root_id];
   |                     ^^^^^^^^^^^^^^^
   = help: give `states` and `dependencies` each an index newtype and implement `Index` only for its own, so `states[dep_idx]` is a type error; if this line is intended, rename the index to say so

warning: `parts` is indexed by `source_index` here, but everywhere else in this function (1 site) it is indexed by `part_index` and `source_index` is what indexes `sources`, so this looks like an index into the wrong table and, both being plain integers, it compiles
  --> $DIR/index_of_other_kind.rs:88:19
   |
LL |     let crossed = parts[source_index];
   |                   ^^^^^^^^^^^^^^^^^^^
   |
note: `parts` indexed by its usual kind
  --> $DIR/index_of_other_kind.rs:89:15
   |
LL |     crossed + parts[part_index] + sources[source_index]
   |               ^^^^^^^^^^^^^^^^^
   = help: give `parts` and `sources` each an index newtype and implement `Index` only for its own, so `parts[source_index]` is a type error; if this line is intended, rename the index to say so

warning: `table` is indexed by `dep_id` here, but everywhere else in this function (3 sites) it is indexed by `pkg_id` and `dep_id` is what indexes `deps`, so this looks like an index into the wrong table and, both being plain integers, it compiles
  --> $DIR/index_of_other_kind.rs:103:11
   |
LL |         + table[dep_id]
   |           ^^^^^^^^^^^^^
   |
note: `table` indexed by its usual kind
  --> $DIR/index_of_other_kind.rs:101:5
   |
LL |     table[pkg_id]
   |     ^^^^^^^^^^^^^
   = help: give `table` and `deps` each an index newtype and implement `Index` only for its own, so `table[dep_id]` is a type error; if this line is intended, rename the index to say so

warning: 6 warnings emitted

