warning: `b` is locked here while `a` is held, and another place locks `a` while `b` is held, so two threads taking one path each can deadlock
  --> $DIR/lock_order.rs:14:18
   |
LL |         let gb = self.b.lock().unwrap();
   |                  ^^^^^^^^^^^^^
   |
note: the opposite order: `a` locked while `b` is held
  --> $DIR/lock_order.rs:21:18
   |
LL |         let ga = self.a.lock().unwrap();
   |                  ^^^^^^^^^^^^^
   = help: pick one order for `a` and `b` and take them that way in both places, or take both under one lock
   = note: `#[warn(lock_order)]` on by default

warning: `h` is locked here while `g` is held, and another place locks `g` while `h` is held, so two threads taking one path each can deadlock
  --> $DIR/lock_order.rs:114:18
   |
LL |         let gh = self.h.lock().unwrap();
   |                  ^^^^^^^^^^^^^
   |
note: the opposite order: `g` locked while `h` is held
  --> $DIR/lock_order.rs:123:22
   |
LL |             let gg = self.g.lock().unwrap();
   |                      ^^^^^^^^^^^^^
   = help: pick one order for `g` and `h` and take them that way in both places, or take both under one lock

warning: 2 warnings emitted

