warning: this arm absorbs every future variant of `Token` (3 variants today)
  --> $DIR/narrowed_return.rs:48:9
   |
LL |         other => other,
   |         ^^^^^
   |
   = note: `#[warn(wildcard_local_enum)]` on by default
help: list the remaining variants; the compiler then flags every new one added
   |
LL |         other @ (Token::Space | Token::Eof) => other,
   |               +++++++++++++++++++++++++++++

warning: `next_token` only ever returns `Space`, `Word`; this arm panics on `Eof`, which it never constructs
  --> $DIR/narrowed_return.rs:26:9
   |
LL |         Token::Eof => unreachable!("the tokenizer never yields Eof here"),
   |         ^^^^^^^^^^^^^^^^^^^^^^^^^^^^^^^^^^^^^^^^^^^^^^^^^^^^^^^^^^^^^^^^^
   |
   = help: the return type promises more than the function delivers; narrow it and this arm becomes unnecessary at compile time
   = note: `#[warn(narrowed_return)]` on by default

warning: 2 warnings emitted

