warning: map keyed on `Span`, which this project declares is not an identity
  --> $DIR/nonidentity_key.rs:17:9
   |
LL |         m.insert(*s, i);
   |         ^^^^^^^^^^^^^^^
   |
   = help: key on the canonical identity of the thing this names
   = note: `#[warn(nonidentity_key)]` on by default

warning: map keyed on `Span`, which this project declares is not an identity
  --> $DIR/nonidentity_key.rs:23:5
   |
LL |     m.get(&s).copied()
   |     ^^^^^^^^^
   |
   = help: key on the canonical identity of the thing this names

warning: map keyed on `to_bits()` of a float
  --> $DIR/nonidentity_key.rs:29:21
   |
LL |         pool.insert(c.to_bits(), i);
   |                     ^^^^^^^^^^^
   |
   = help: for boxed or interned values the bits are a pointer, not the value; key on the canonical identity

warning: map keyed on `to_bits()` of a float
  --> $DIR/nonidentity_key.rs:36:17
   |
LL |     seen.insert(x.to_bits());
   |                 ^^^^^^^^^^^
   |
   = help: for boxed or interned values the bits are a pointer, not the value; key on the canonical identity

warning: map keyed on a pointer cast to an integer
  --> $DIR/nonidentity_key.rs:43:20
   |
LL |         ids.insert(v.as_ptr() as usize, ());
   |                    ^^^^^^^^^^^^^^^^^^^
   |
   = help: pointer bits name an allocation, not a value; key on the canonical identity

warning: map keyed on `to_raw()`, which this project declares is not an identity
  --> $DIR/nonidentity_key.rs:59:18
   |
LL |         m.insert(v.to_raw(), i);
   |                  ^^^^^^^^^^
   |
   = help: key on the canonical identity of the thing this names

warning: map keyed on `(Span, u32)` carrying `Span`, which this project declares is not an identity
  --> $DIR/nonidentity_key.rs:76:9
   |
LL |         m.insert((*s, 0u32), i);
   |         ^^^^^^^^^^^^^^^^^^^^^^^
   |
   = help: key on the canonical identity of the thing this names

warning: 7 warnings emitted

