warning: this arm absorbs every future variant of `Shape` (3 variants today)
  --> $DIR/overwide_parameter.rs:34:9
   |
LL |         _ => unreachable!("only circles have diameters"),
   |         ^
   |
   = note: `#[warn(wildcard_local_enum)]` on by default
help: list the remaining variants; the compiler then flags every new one added
   |
LL -         _ => unreachable!("only circles have diameters"),
LL +         Shape::Square(..) | Shape::Line => unreachable!("only circles have diameters"),
   |

warning: all 2 call sites of `area` pass `Circle`, `Square`; this arm panics on `Line`, which no existing caller sends
  --> $DIR/overwide_parameter.rs:16:9
   |
LL |         Shape::Line => unreachable!("lines have no area"),
   |         ^^^^^^^^^^^^^^^^^^^^^^^^^^^^^^^^^^^^^^^^^^^^^^^^^
   |
   = help: the parameter is wider than the function's domain; narrow the type and the panic becomes a compile error for future callers
   = note: `#[warn(overwide_parameter)]` on by default

warning: 2 warnings emitted

