warning: `bounded_sum` has the same signature and, up to renamed locals, the same body as `clamp_add`, so one helper exists twice and a fix to either silently misses the other
  --> $DIR/reimplemented_helper.rs:10:1
   |
LL | pub fn bounded_sum(a: u32, b: u32, max: u32) -> u32 {
   | ^^^^^^^^^^^^^^^^^^^^^^^^^^^^^^^^^^^^^^^^^^^^^^^^^^^
   |
note: `clamp_add`, the other copy
  --> $DIR/reimplemented_helper.rs:4:1
   |
LL | pub fn clamp_add(base: u32, delta: u32, limit: u32) -> u32 {
   | ^^^^^^^^^^^^^^^^^^^^^^^^^^^^^^^^^^^^^^^^^^^^^^^^^^^^^^^^^^
   = help: delete `bounded_sum` and call `clamp_add` from its callers (or the reverse)
   = note: `#[warn(reimplemented_helper)]` on by default

warning: `Row::footprint` has the same signature and, up to renamed locals, the same body as `Row::extent`, so one helper exists twice and a fix to either silently misses the other
  --> $DIR/reimplemented_helper.rs:43:5
   |
LL |     pub fn footprint(&self) -> u32 {
   |     ^^^^^^^^^^^^^^^^^^^^^^^^^^^^^^
   |
note: `Row::extent`, the other copy
  --> $DIR/reimplemented_helper.rs:38:5
   |
LL |     pub fn extent(&self) -> u32 {
   |     ^^^^^^^^^^^^^^^^^^^^^^^^^^^
   = help: delete `Row::footprint` and call `Row::extent` from its callers (or the reverse)

warning: `first_third` has the same signature and, up to renamed locals, the same body as `low_third`, so one helper exists twice and a fix to either silently misses the other
  --> $DIR/reimplemented_helper.rs:105:1
   |
LL | pub fn first_third((first, _): (u32, u32), k: u32) -> u32 {
   | ^^^^^^^^^^^^^^^^^^^^^^^^^^^^^^^^^^^^^^^^^^^^^^^^^^^^^^^^^
   |
note: `low_third`, the other copy
  --> $DIR/reimplemented_helper.rs:92:1
   |
LL | pub fn low_third((lo, _): (u32, u32), bias: u32) -> u32 {
   | ^^^^^^^^^^^^^^^^^^^^^^^^^^^^^^^^^^^^^^^^^^^^^^^^^^^^^^^
   = help: delete `first_third` and call `low_third` from its callers (or the reverse)

warning: 3 warnings emitted

