warning: this arm absorbs every future variant of `Token` (3 variants today)
  --> $DIR/return_wider_than_body.rs:63:9
   |
LL |         other => other,
   |         ^^^^^
   |
   = note: `#[warn(wildcard_over_own_enum)]` on by default
help: list the remaining variants; the compiler then flags every new one added
   |
LL |         other @ (Token::Space | Token::Eof) => other,
   |               +++++++++++++++++++++++++++++

warning: `next_token` only ever returns `Space`, `Word`; this arm panics on `Eof`, which it never constructs
  --> $DIR/return_wider_than_body.rs:26:9
   |
LL |         Token::Eof => unreachable!("the tokenizer never yields Eof here"),
   |         ^^^^^^^^^^^^^^^^^^^^^^^^^^^^^^^^^^^^^^^^^^^^^^^^^^^^^^^^^^^^^^^^^
   |
   = help: the return type promises more than the function delivers; narrow it and this arm becomes unnecessary at compile time
   = note: `#[warn(return_wider_than_body)]` on by default

warning: `via_local` only ever returns `Space`, `Word`; this arm panics on `Eof`, which it never constructs
  --> $DIR/return_wider_than_body.rs:41:9
   |
LL |         Token::Eof => unreachable!("never yielded by via_local"),
   |         ^^^^^^^^^^^^^^^^^^^^^^^^^^^^^^^^^^^^^^^^^^^^^^^^^^^^^^^^
   |
   = help: the return type promises more than the function delivers; narrow it and this arm becomes unnecessary at compile time

warning: 3 warnings emitted

