warning: this `match` on `Step` is written out arm for arm a second time
  --> $DIR/same_match_twice.rs:31:10
   |
LL |       Some(match cause.step {
   |  __________^
LL | |         Step::Open => (cause.code, "open"),
LL | |         Step::Read => (cause.code + 1, "read"),
LL | |         Step::Parse => (cause.code + 2, "parse"),
LL | |     })
   | |_____^
   |
note: the same match is here
  --> $DIR/same_match_twice.rs:18:5
   |
LL | /     match f.step {
LL | |         Step::Open => (f.code, "open"),
LL | |         Step::Read => (f.code + 1, "read"),
LL | |         Step::Parse => (f.code + 2, "parse"),
LL | |     }
   | |_____^
   = help: the mapping lives in two places kept in step by hand; a method on the enum states it once
   = note: `#[warn(same_match_twice)]` on by default

warning: this `match` on `Step` is written out arm for arm a second time
  --> $DIR/same_match_twice.rs:41:13
   |
LL |       let d = match f.step {
   |  _____________^
LL | |         Step::Open => (f.code, "open"),
LL | |         Step::Read => (f.code + 1, "read"),
LL | |         Step::Parse => (f.code + 2, "parse"),
LL | |     };
   | |_____^
   |
note: the same match is here
  --> $DIR/same_match_twice.rs:18:5
   |
LL | /     match f.step {
LL | |         Step::Open => (f.code, "open"),
LL | |         Step::Read => (f.code + 1, "read"),
LL | |         Step::Parse => (f.code + 2, "parse"),
LL | |     }
   | |_____^
   = help: the mapping lives in two places kept in step by hand; a method on the enum states it once

warning: this `match` on `Shape` is written out arm for arm a second time
  --> $DIR/same_match_twice.rs:186:17
   |
LL |       let cells = match shape {
   |  _________________^
LL | |         Shape::Dot => 0,
LL | |         Shape::Line(_) => 0,
LL | |         Shape::Rect(w, h) => match (w, h) {
...  |
LL | |         },
LL | |     };
   | |_____^
   |
note: the same match is here
  --> $DIR/same_match_twice.rs:173:5
   |
LL | /     match s {
LL | |         Shape::Dot => 0,
LL | |         Shape::Line(_) => 0,
LL | |         Shape::Rect(w, h) => match (w, h) {
...  |
LL | |         },
LL | |     }
   | |_____^
   = help: the mapping lives in two places kept in step by hand; a method on the enum states it once

warning: 3 warnings emitted

