warning: a `Some` that fails `j.ready` is handled as if it were `None`
  --> $DIR/some_if.rs:28:9
   |
LL |         Some(j) if j.ready => j.id,
   |         ^^^^^^^^^^^^^^^^^^
   |
note: the failing `Some` lands here, handled like `None`
  --> $DIR/some_if.rs:29:9
   |
LL |         _ => wait(),
   |         ^
   = help: filter where the value is produced (`.filter(..)`, or a type whose `Some` is always valid) so `Some` needs no second check here
   = note: `#[warn(some_if)]` on by default

warning: a `Some` that fails `j.ready` is handled as if it were `None`
  --> $DIR/some_if.rs:38:9
   |
LL |         Some(j) if j.ready => j.id,
   |         ^^^^^^^^^^^^^^^^^^
   |
note: the failing `Some` lands here, handled like `None`
  --> $DIR/some_if.rs:39:9
   |
LL |         Some(_) => wait(),
   |         ^^^^^^^
   = help: filter where the value is produced (`.filter(..)`, or a type whose `Some` is always valid) so `Some` needs no second check here

warning: a `Some` that fails `j.ready && j.id > 0` is handled as if it were `None`
  --> $DIR/some_if.rs:46:9
   |
LL |         Some(j) if j.ready && j.id > 0 => j.id,
   |         ^^^^^^^^^^^^^^^^^^^^^^^^^^^^^^
   |
note: the failing `Some` lands here, handled like `None`
  --> $DIR/some_if.rs:47:9
   |
LL |         Some(_) | None => wait(),
   |         ^^^^^^^^^^^^^^
   = help: filter where the value is produced (`.filter(..)`, or a type whose `Some` is always valid) so `Some` needs no second check here

warning: an `Ok` that fails `n > 2` is handled as if it were `Err`
  --> $DIR/some_if.rs:54:9
   |
LL |         Ok(n) if n > 2 => n,
   |         ^^^^^^^^^^^^^^
   |
note: the failing `Ok` lands here, handled like `Err`
  --> $DIR/some_if.rs:55:9
   |
LL |         Err(_) | Ok(_) => wait(),
   |         ^^^^^^^^^^^^^^
   = help: reject where the value is produced (an error for this case, or a type whose `Ok` is always valid) so `Ok` needs no second check here

warning: a `Some` that fails `j.ready` is handled as if it were `None`
  --> $DIR/some_if.rs:61:8
   |
LL |       if let Some(j) = next()
   |  ________^
LL | |         && j.ready
   | |__________________^
   |
note: the failing `Some` lands here, handled like `None`
  --> $DIR/some_if.rs:65:12
   |
LL |       } else {
   |  ____________^
LL | |         wait()
LL | |     }
   | |_____^
   = help: filter where the value is produced (`.filter(..)`, or a type whose `Some` is always valid) so `Some` needs no second check here

warning: a `Some` that fails `j.ready` is handled as if it were `None`
  --> $DIR/some_if.rs:72:8
   |
LL |     if let Some(j) = next() {
   |        ^^^^^^^^^^^^^^^^^^^^
   |
note: the failing `Some` lands here, handled like `None`
  --> $DIR/some_if.rs:73:34
   |
LL |         if j.ready { j.id } else { wait() + 1 }
   |                                  ^^^^^^^^^^^^^^
   = help: filter where the value is produced (`.filter(..)`, or a type whose `Some` is always valid) so `Some` needs no second check here

warning: 6 warnings emitted

