warning: `n` was read off `self.items` before a call that can run code with access to `self`, and is used here as if `self.items` could not have changed in between
  --> $DIR/stale_across_reentry.rs:129:9
   |
LL |         self.items[n - 1]
   |         ^^^^^^^^^^^^^^^^^
   |
note: control leaves this function here, and whatever runs can reach `self.items`
  --> $DIR/stale_across_reentry.rs:128:9
   |
LL |         (self.on_event)(self);
   |         ^^^^^^^^^^^^^^^^^^^^^
   = help: re-read `self.items` after that call instead of reusing `n`, or hold the element itself rather than its position across the call
   = note: `#[warn(stale_across_reentry)]` on by default

warning: `last` was read off `self.items` before a call that can run code with access to `self`, and is used here as if `self.items` could not have changed in between
  --> $DIR/stale_across_reentry.rs:135:9
   |
LL |         self.items.remove(last)
   |         ^^^^^^^^^^^^^^^^^^^^^^^
   |
note: control leaves this function here, and whatever runs can reach `self.items`
  --> $DIR/stale_across_reentry.rs:134:9
   |
LL |         self.sink.drain(&mut self.items);
   |         ^^^^^^^^^^^^^^^^^^^^^^^^^^^^^^^^
   = help: re-read `self.items` after that call instead of reusing `last`, or hold the element itself rather than its position across the call

warning: `n` was read off `self.items` before a call that can run code with access to `self`, and is used here as if `self.items` could not have changed in between
  --> $DIR/stale_across_reentry.rs:144:20
   |
LL |         if n > 0 { self.items[0] } else { 0 }
   |                    ^^^^^^^^^^^^^
   |
note: control leaves this function here, and whatever runs can reach `self.items`
  --> $DIR/stale_across_reentry.rs:143:9
   |
LL |         f(self);
   |         ^^^^^^^
   = help: re-read `self.items` after that call instead of reusing `n`, or hold the element itself rather than its position across the call

warning: `n` was read off `self.items` before a call that can run code with access to `self`, and is used here as if `self.items` could not have changed in between
  --> $DIR/stale_across_reentry.rs:155:22
   |
LL |             total += self.items[i];
   |                      ^^^^^^^^^^^^^
   |
note: control leaves this function here, and whatever runs can reach `self.items`
  --> $DIR/stale_across_reentry.rs:152:9
   |
LL |         f(self);
   |         ^^^^^^^
   = help: re-read `self.items` after that call instead of reusing `n`, or hold the element itself rather than its position across the call

warning: `had` was read off `self.pending` before a call that can run code with access to `self`, and is used here as if `self.pending` could not have changed in between
  --> $DIR/stale_across_reentry.rs:163:18
   |
LL |         if had { self.pending.take().unwrap() } else { 0 }
   |                  ^^^^^^^^^^^^^^^^^^^^^^^^^^^^
   |
note: control leaves this function here, and whatever runs can reach `self.pending`
  --> $DIR/stale_across_reentry.rs:162:9
   |
LL |         f(self);
   |         ^^^^^^^
   = help: re-read `self.pending` after that call instead of reusing `had`, or hold the element itself rather than its position across the call

warning: `p` points into `self.buf` as it was before a call that can run code with access to `self`, which may have moved or freed that buffer by the time `p` is used here
  --> $DIR/stale_across_reentry.rs:169:19
   |
LL |         unsafe { *p }
   |                   ^
   |
note: control leaves this function here, and whatever runs can reach `self.buf`
  --> $DIR/stale_across_reentry.rs:168:9
   |
LL |         f(self);
   |         ^^^^^^^
   = help: take the pointer from `self.buf` again after that call, or keep the data alive across it by value

warning: `n` was read off `self.log` before a call that can run code with access to `self`, and is used here as if `self.log` could not have changed in between
  --> $DIR/stale_across_reentry.rs:175:9
   |
LL |         self.log.remove(n - 1)
   |         ^^^^^^^^^^^^^^^^^^^^^^
   |
note: control leaves this function here, and whatever runs can reach `self.log`
  --> $DIR/stale_across_reentry.rs:174:9
   |
LL |         self.sink.notify();
   |         ^^^^^^^^^^^^^^^^^^
   = help: re-read `self.log` after that call instead of reusing `n`, or hold the element itself rather than its position across the call

warning: `n` was read off `self.log` before a call that can run code with access to `self`, and is used here as if `self.log` could not have changed in between
  --> $DIR/stale_across_reentry.rs:181:9
   |
LL |         self.log.remove(n - 1)
   |         ^^^^^^^^^^^^^^^^^^^^^^
   |
note: control leaves this function here, and whatever runs can reach `self.log`
  --> $DIR/stale_across_reentry.rs:180:9
   |
LL |         yield_now().await;
   |         ^^^^^^^^^^^^^^^^^
   = help: re-read `self.log` after that call instead of reusing `n`, or hold the element itself rather than its position across the call

warning: `n` was read off `self.items` before a call that can run code with access to `self`, and is used here as if `self.items` could not have changed in between
  --> $DIR/stale_across_reentry.rs:187:9
   |
LL |         self.items[n as usize - 1]
   |         ^^^^^^^^^^^^^^^^^^^^^^^^^^
   |
note: control leaves this function here, and whatever runs can reach `self.items`
  --> $DIR/stale_across_reentry.rs:186:9
   |
LL |         self.vm.run_callback();
   |         ^^^^^^^^^^^^^^^^^^^^^^
   = help: re-read `self.items` after that call instead of reusing `n`, or hold the element itself rather than its position across the call

warning: `n` was read off `self.items` before a call that can run code with access to `self`, and is used here as if `self.items` could not have changed in between
  --> $DIR/stale_across_reentry.rs:193:9
   |
LL |         self.items[n - 1]
   |         ^^^^^^^^^^^^^^^^^
   |
note: control leaves this function here, and whatever runs can reach `self.items`
  --> $DIR/stale_across_reentry.rs:192:9
   |
LL |         self.dispatch_event();
   |         ^^^^^^^^^^^^^^^^^^^^^
   = help: re-read `self.items` after that call instead of reusing `n`, or hold the element itself rather than its position across the call

warning: `n` was read off `self.items` before a call that can run code with access to `self`, and is used here as if `self.items` could not have changed in between
  --> $DIR/stale_across_reentry.rs:311:12
   |
LL |         if self.items[n - 1] > 0 { 1 } else { 0 }
   |            ^^^^^^^^^^^^^^^^^
   |
note: control leaves this function here, and whatever runs can reach `self.items`
  --> $DIR/stale_across_reentry.rs:310:9
   |
LL |         (self.on_event)(self);
   |         ^^^^^^^^^^^^^^^^^^^^^
   = help: re-read `self.items` after that call instead of reusing `n`, or hold the element itself rather than its position across the call

warning: `n` was read off `self.items` before a call that can run code with access to `self`, and is used here as if `self.items` could not have changed in between
  --> $DIR/stale_across_reentry.rs:317:15
   |
LL |         match self.items.remove(n - 1) {
   |               ^^^^^^^^^^^^^^^^^^^^^^^^
   |
note: control leaves this function here, and whatever runs can reach `self.items`
  --> $DIR/stale_across_reentry.rs:316:9
   |
LL |         (self.on_event)(self);
   |         ^^^^^^^^^^^^^^^^^^^^^
   = help: re-read `self.items` after that call instead of reusing `n`, or hold the element itself rather than its position across the call

warning: `n` was read off `self.items` before a call that can run code with access to `self`, and is used here as if `self.items` could not have changed in between
  --> $DIR/stale_across_reentry.rs:331:9
   |
LL |         self.items[n - 1]
   |         ^^^^^^^^^^^^^^^^^
   |
note: control leaves this function here, and whatever runs can reach `self.items`
  --> $DIR/stale_across_reentry.rs:327:17
   |
LL |                 (self.on_event)(self);
   |                 ^^^^^^^^^^^^^^^^^^^^^
   = help: re-read `self.items` after that call instead of reusing `n`, or hold the element itself rather than its position across the call

warning: `n` was read off `self.items` before a call that can run code with access to `self`, and is used here as if `self.items` could not have changed in between
  --> $DIR/stale_across_reentry.rs:337:9
   |
LL |         self.items[n - 1]
   |         ^^^^^^^^^^^^^^^^^
   |
note: control leaves this function here, and whatever runs can reach `self.items`
  --> $DIR/stale_across_reentry.rs:336:9
   |
LL |         self.worker.run_job();
   |         ^^^^^^^^^^^^^^^^^^^^^
   = help: re-read `self.items` after that call instead of reusing `n`, or hold the element itself rather than its position across the call

warning: `n` was read off `self.items` before a call that can run code with access to `self`, and is used here as if `self.items` could not have changed in between
  --> $DIR/stale_across_reentry.rs:343:9
   |
LL |         self.items[n - 1]
   |         ^^^^^^^^^^^^^^^^^
   |
note: control leaves this function here, and whatever runs can reach `self.items`
  --> $DIR/stale_across_reentry.rs:342:9
   |
LL |         self.worker.schedule();
   |         ^^^^^^^^^^^^^^^^^^^^^^
   = help: re-read `self.items` after that call instead of reusing `n`, or hold the element itself rather than its position across the call

warning: `n` was read off `self.journal` before a call that can run code with access to `self`, and is used here as if `self.journal` could not have changed in between
  --> $DIR/stale_across_reentry.rs:349:9
   |
LL |         self.journal.remove(n - 1)
   |         ^^^^^^^^^^^^^^^^^^^^^^^^^^
   |
note: control leaves this function here, and whatever runs can reach `self.journal`
  --> $DIR/stale_across_reentry.rs:348:9
   |
LL |         self.sink.notify();
   |         ^^^^^^^^^^^^^^^^^^
   = help: re-read `self.journal` after that call instead of reusing `n`, or hold the element itself rather than its position across the call

warning: `n` was read off `self.ring` before a call that can run code with access to `self`, and is used here as if `self.ring` could not have changed in between
  --> $DIR/stale_across_reentry.rs:355:9
   |
LL |         self.ring[n - 1]
   |         ^^^^^^^^^^^^^^^^
   |
note: control leaves this function here, and whatever runs can reach `self.ring`
  --> $DIR/stale_across_reentry.rs:354:9
   |
LL |         (self.on_event)(self);
   |         ^^^^^^^^^^^^^^^^^^^^^
   = help: re-read `self.ring` after that call instead of reusing `n`, or hold the element itself rather than its position across the call

warning: `n` was read off `self.log` before a call that can run code with access to `self`, and is used here as if `self.log` could not have changed in between
  --> $DIR/stale_across_reentry.rs:361:9
   |
LL |         self.log.remove(n - 1)
   |         ^^^^^^^^^^^^^^^^^^^^^^
   |
note: control leaves this function here, and whatever runs can reach `self.log`
  --> $DIR/stale_across_reentry.rs:360:9
   |
LL |         f(self);
   |         ^^^^^^^
   = help: re-read `self.log` after that call instead of reusing `n`, or hold the element itself rather than its position across the call

warning: 18 warnings emitted

