warning: every value stored in `kind` is one of `"download"`, `"extract"` (3 stores across the crate), and it is read by comparing against literals
  --> $DIR/stringly_state.rs:5:5
   |
LL |     kind: &'static str,
   |     ^^^^^^^^^^^^^^^^^^
   |
   = help: these strings are the variants of an enum; store the enum and keep the text in an `as_str` method, so a misspelt state is a compile error
   = note: `#[warn(stringly_state)]` on by default

warning: every value stored in `name` is one of `"link"`, `"resolve"` (2 stores across the crate), and it is read by comparing against literals
  --> $DIR/stringly_state.rs:25:5
   |
LL |     name: Vec<u8>,
   |     ^^^^^^^^^^^^^
   |
   = help: these strings are the variants of an enum; store the enum and keep the text in an `as_str` method, so a misspelt state is a compile error

warning: every value stored in `label` is one of `"fast"`, `"slow"` (2 stores across the crate), and it is read by comparing against literals
  --> $DIR/stringly_state.rs:48:5
   |
LL |     label: String,
   |     ^^^^^^^^^^^^^
   |
   = help: these strings are the variants of an enum; store the enum and keep the text in an `as_str` method, so a misspelt state is a compile error

warning: every value stored in `scheme` is one of `"ws"`, `"wss"` (2 stores across the crate), and it is read by comparing against literals
  --> $DIR/stringly_state.rs:69:5
   |
LL |     scheme: &'static [u8],
   |     ^^^^^^^^^^^^^^^^^^^^^
   |
   = help: these strings are the variants of an enum; store the enum and keep the text in an `as_str` method, so a misspelt state is a compile error

warning: every value stored in `color` is one of `"green"`, `"red"`, `"yellow"` (3 stores), and it is read by comparing against literals
  --> $DIR/stringly_state.rs:93:9
   |
LL |     let mut color = "green";
   |         ^^^^^^^^^
   |
   = help: these strings are the variants of an enum; store the enum and keep the text in an `as_str` method, so a misspelt state is a compile error

warning: every value stored in `level` is one of `"hi"`, `"lo"` (1 store), and it is read by comparing against literals
  --> $DIR/stringly_state.rs:110:9
   |
LL |     let level = if n > 9 { "hi" } else { "lo" };
   |         ^^^^^
   |
   = help: these strings are the variants of an enum; store the enum and keep the text in an `as_str` method, so a misspelt state is a compile error

warning: every value stored in `step` is one of `"emit"`, `"parse"` (2 stores across the crate), and it is read by comparing against literals
  --> $DIR/stringly_state.rs:117:5
   |
LL |     step: &'static str,
   |     ^^^^^^^^^^^^^^^^^^
   |
   = help: these strings are the variants of an enum; store the enum and keep the text in an `as_str` method, so a misspelt state is a compile error

warning: `severity` takes `bool` parameters `major` and `minor`, and 1 of its 1 call sites passes bare `true`/`false` for both: nothing at `severity(true, false)` says which flag each one sets
  --> $DIR/stringly_state.rs:92:4
   |
LL | fn severity(major: bool, minor: bool) -> u8 {
   |    ^^^^^^^^
   |
note: one such call
  --> $DIR/stringly_state.rs:344:13
   |
LL |     let _ = severity(true, false) + tier(3) as u8;
   |             ^^^^^^^^^^^^^^^^^^^^^
   = help: a two-variant enum per flag, or one options struct, names every argument at the call site and turns a swapped pair into a type error
   = note: `#[warn(bare_bool_args)]` on by default

warning: 8 warnings emitted

