warning: `hdr.len` comes from the caller and is passed to `get_unchecked` here on a path where nothing has checked it, although this function does bound `hdr.len` on another path
  --> $DIR/unchecked_input_len.rs:28:18
   |
LL |     unsafe { buf.get_unchecked(..hdr.len) }
   |                  ^^^^^^^^^^^^^^^^^^^^^^^^
   |
note: the bound on `hdr.len` that does not cover this path
  --> $DIR/unchecked_input_len.rs:23:12
   |
LL |         if hdr.len > buf.len() {
   |            ^^^^^^^^^^^^^^^^^^^
   = help: check `hdr.len` before this call on every path (or once, before the paths split), or make the checked value the only thing `get_unchecked` can be given here
   = note: `#[warn(unchecked_input_len)]` on by default

warning: `len` comes from the caller and is passed to `split_at` here on a path where nothing has checked it, although this function does bound `len` on another path
  --> $DIR/unchecked_input_len.rs:32:25
   |
LL |     let (head, _) = buf.split_at(len);
   |                         ^^^^^^^^^^^^^
   |
note: the bound on `len` that does not cover this path
  --> $DIR/unchecked_input_len.rs:33:8
   |
LL |     if len > buf.len() {
   |        ^^^^^^^^^^^^^^^
   = help: check `len` before this call on every path (or once, before the paths split), or make the checked value the only thing `split_at` can be given here

warning: `n` comes from the caller and is passed to `with_capacity` here on a path where nothing has checked it, although this function does bound `n` on another path
  --> $DIR/unchecked_input_len.rs:41:15
   |
LL |     let out = Vec::with_capacity(n);
   |               ^^^^^^^^^^^^^^^^^^^^^
   |
note: the bound on `n` that does not cover this path
  --> $DIR/unchecked_input_len.rs:42:8
   |
LL |     if n > 1 << 20 {
   |        ^^^^^^^^^^^
   = help: check `n` before this call on every path (or once, before the paths split), or make the checked value the only thing `with_capacity` can be given here

warning: `hdr.count` comes from the caller and is passed to `reserve` here on a path where nothing has checked it, although this function does bound `hdr.count` on another path
  --> $DIR/unchecked_input_len.rs:52:9
   |
LL |     out.reserve(hdr.count as usize);
   |         ^^^^^^^^^^^^^^^^^^^^^^^^^^^
   |
note: the bound on `hdr.count` that does not cover this path
  --> $DIR/unchecked_input_len.rs:49:25
   |
LL |     if hdr.kind == 2 && hdr.count > 1024 {
   |                         ^^^^^^^^^^^^^^^^
   = help: check `hdr.count` before this call on every path (or once, before the paths split), or make the checked value the only thing `reserve` can be given here

warning: `len` comes from the caller and is passed to `get_unchecked` here on a path where nothing has checked it, although this function does bound `len` on another path
  --> $DIR/unchecked_input_len.rs:60:22
   |
LL |         unsafe { buf.get_unchecked(..len) }.len()
   |                      ^^^^^^^^^^^^^^^^^^^^
   |
note: the bound on `len` that does not cover this path
  --> $DIR/unchecked_input_len.rs:57:22
   |
LL |         if strict && len > buf.len() {
   |                      ^^^^^^^^^^^^^^^
   = help: check `len` before this call on every path (or once, before the paths split), or make the checked value the only thing `get_unchecked` can be given here

warning: `hdr.len` comes from the caller and is passed to `get_unchecked` here on a path where nothing has checked it, although this function does bound `hdr.len` on another path
  --> $DIR/unchecked_input_len.rs:71:18
   |
LL |     unsafe { buf.get_unchecked(..hdr.len) }
   |                  ^^^^^^^^^^^^^^^^^^^^^^^^
   |
note: the bound on `hdr.len` that does not cover this path
  --> $DIR/unchecked_input_len.rs:66:12
   |
LL |         if hdr.len + 4 > buf.len() {
   |            ^^^^^^^^^^^^^^^^^^^^^^^
   = help: check `hdr.len` before this call on every path (or once, before the paths split), or make the checked value the only thing `get_unchecked` can be given here

warning: `off` comes from the caller and is passed to `add` here on a path where nothing has checked it, although this function does bound `off` on another path
  --> $DIR/unchecked_input_len.rs:75:27
   |
LL |     let p = unsafe { base.add(off) };
   |                           ^^^^^^^^
   |
note: the bound on `off` that does not cover this path
  --> $DIR/unchecked_input_len.rs:76:8
   |
LL |     if off >= cap {
   |        ^^^^^^^^^^
   = help: check `off` before this call on every path (or once, before the paths split), or make the checked value the only thing `add` can be given here

warning: `hdr.len` comes from the caller and is passed to `split_at` here on a path where nothing has checked it, although this function does bound `hdr.len` on another path
  --> $DIR/unchecked_input_len.rs:92:9
   |
LL |     buf.split_at(hdr.len).0.len()
   |         ^^^^^^^^^^^^^^^^^
   |
note: the bound on `hdr.len` that does not cover this path
  --> $DIR/unchecked_input_len.rs:85:16
   |
LL |             if hdr.len > buf.len() {
   |                ^^^^^^^^^^^^^^^^^^^
   = help: check `hdr.len` before this call on every path (or once, before the paths split), or make the checked value the only thing `split_at` can be given here

warning: `len` comes from the caller and is passed to `split_at` here on a path where nothing has checked it, although this function does bound `len` on another path
  --> $DIR/unchecked_input_len.rs:101:25
   |
LL |     let (head, _) = buf.split_at(len);
   |                         ^^^^^^^^^^^^^
   |
note: the bound on `len` that does not cover this path
  --> $DIR/unchecked_input_len.rs:102:8
   |
LL |     if len > buf.len() {
   |        ^^^^^^^^^^^^^^^
   = help: check `len` before this call on every path (or once, before the paths split), or make the checked value the only thing `split_at` can be given here

warning: `len` comes from the caller and is passed to `split_at` here on a path where nothing has checked it, although this function does bound `len` on another path
  --> $DIR/unchecked_input_len.rs:110:25
   |
LL |     let (head, _) = buf.split_at(len);
   |                         ^^^^^^^^^^^^^
   |
note: the bound on `len` that does not cover this path
  --> $DIR/unchecked_input_len.rs:111:8
   |
LL |     if len > buf.len() {
   |        ^^^^^^^^^^^^^^^
   = help: check `len` before this call on every path (or once, before the paths split), or make the checked value the only thing `split_at` can be given here

warning: `len` comes from the caller and is passed to `add` here on a path where nothing has checked it, although this function does bound `len` on another path
  --> $DIR/unchecked_input_len.rs:124:39
   |
LL |         let p = unsafe { buf.as_ptr().add(len) };
   |                                       ^^^^^^^^
   |
note: the bound on `len` that does not cover this path
  --> $DIR/unchecked_input_len.rs:125:12
   |
LL |         if len > buf.len() {
   |            ^^^^^^^^^^^^^^^
   = help: check `len` before this call on every path (or once, before the paths split), or make the checked value the only thing `add` can be given here

warning: `hdr.len` comes from the caller and is passed to `split_at` here on a path where nothing has checked it, although this function does bound `hdr.len` on another path
  --> $DIR/unchecked_input_len.rs:137:9
   |
LL |     buf.split_at(hdr.len).0
   |         ^^^^^^^^^^^^^^^^^
   |
note: the bound on `hdr.len` that does not cover this path
  --> $DIR/unchecked_input_len.rs:134:26
   |
LL |     if hdr.kind == 1 && (hdr.len > buf.len() || !fits(&hdr.len, buf)) {
   |                          ^^^^^^^^^^^^^^^^^^^
   = help: check `hdr.len` before this call on every path (or once, before the paths split), or make the checked value the only thing `split_at` can be given here

warning: `q.len` comes from the caller and is passed to `split_at` here on a path where nothing has checked it, although this function does bound `q.len` on another path
  --> $DIR/unchecked_input_len.rs:145:9
   |
LL |     buf.split_at(unsafe { (*q).len }).0.len()
   |         ^^^^^^^^^^^^^^^^^^^^^^^^^^^^^
   |
note: the bound on `q.len` that does not cover this path
  --> $DIR/unchecked_input_len.rs:142:37
   |
LL |     if unsafe { (*q).kind } == 1 && unsafe { (*q).len } > buf.len() {
   |                                     ^^^^^^^^^^^^^^^^^^^^^^^^^^^^^^^
   = help: check `q.len` before this call on every path (or once, before the paths split), or make the checked value the only thing `split_at` can be given here

warning: `len` comes from the caller and is passed to `split_at` here on a path where nothing has checked it, although this function does bound `len` on another path
  --> $DIR/unchecked_input_len.rs:156:9
   |
LL |     buf.split_at(len).0.len()
   |         ^^^^^^^^^^^^^
   |
note: the bound on `len` that does not cover this path
  --> $DIR/unchecked_input_len.rs:153:20
   |
LL |     if sum == 0 && len > buf.len() {
   |                    ^^^^^^^^^^^^^^^
   = help: check `len` before this call on every path (or once, before the paths split), or make the checked value the only thing `split_at` can be given here

warning: 14 warnings emitted

