warning: `port::Port` is constructed by hand here, skipping the check on `n` that `Port::new` makes before it will construct one
  --> $DIR/unchecked_construction.rs:37:5
   |
LL |     Port { n: 0 }
   |     ^^^^^^^^^^^^^
   |
note: the check in `Port::new` that this literal skips
  --> $DIR/unchecked_construction.rs:13:16
   |
LL |             if n <= u16::MAX as u32 {
   |                ^^^^^^^^^^^^^^^^^^^^
   = help: construct it with `Port::new(..)`, or make `n` private so a literal like this only compiles inside `Port`'s own module
   = note: `#[warn(unchecked_construction)]` on by default

warning: `validators::NonZero` is constructed by hand here, skipping the check on `n` that `NonZero::new` makes before it will construct one
  --> $DIR/unchecked_construction.rs:299:13
   |
LL |     let _ = validators::NonZero { n: 0 };
   |             ^^^^^^^^^^^^^^^^^^^^^^^^^^^^
   |
note: the check in `NonZero::new` that this literal skips
  --> $DIR/unchecked_construction.rs:241:13
   |
LL |             match n {
   |             ^^^^^^^
   = help: construct it with `NonZero::new(..)`, or make `n` private so a literal like this only compiles inside `NonZero`'s own module

warning: `not_validators_2::Header::port` is assigned directly here, skipping the check that `Header::decode` runs on `port` before storing it
  --> $DIR/unchecked_construction.rs:313:9
   |
LL |         h.port = 0;
   |         ^^^^^^^^^^
   |
note: the check in `Header::decode` that this write skips
  --> $DIR/unchecked_construction.rs:159:16
   |
LL |             if port == 0 {
   |                ^^^^^^^^^
   = help: change `port` through a method of `Header` that repeats the check, or make `port` private so this write only compiles inside `Header`'s own module

warning: `validators::Even::n` is assigned directly here, skipping the check that `Even::new` runs on `n` before storing it
  --> $DIR/unchecked_construction.rs:316:9
   |
LL |         e.n += 1;
   |         ^^^^^^^^
   |
note: the check in `Even::new` that this write skips
  --> $DIR/unchecked_construction.rs:201:17
   |
LL |             if !is_even(n) {
   |                 ^^^^^^^^^^
   = help: change `n` through a method of `Even` that repeats the check, or make `n` private so this write only compiles inside `Even`'s own module

warning: `validators::Small::n` is assigned directly here, skipping the check that `Small::new` runs on `n` before storing it
  --> $DIR/unchecked_construction.rs:319:9
   |
LL |         s.n = 200;
   |         ^^^^^^^^^
   |
note: the check in `Small::new` that this write skips
  --> $DIR/unchecked_construction.rs:231:31
   |
LL |             n.and_then(|n| if n < 10 { Some(Small { n }) } else { None })
   |                               ^^^^^^
   = help: change `n` through a method of `Small` that repeats the check, or make `n` private so this write only compiles inside `Small`'s own module

warning: `validators::Checked` is constructed by hand here, skipping the check on `port` that `Checked::from_pairs` makes before it will construct one
  --> $DIR/unchecked_construction.rs:328:13
   |
LL |             Checked { port: 0, ..base },
   |             ^^^^^^^^^^^^^^^^^^^^^^^^^^^
   |
note: the check in `Checked::from_pairs` that this literal skips
  --> $DIR/unchecked_construction.rs:218:16
   |
LL |             if port > 65535 {
   |                ^^^^^^^^^^^^
   = help: construct it with `Checked::from_pairs(..)`, or make `port` private so a literal like this only compiles inside `Checked`'s own module

warning: `inner::Level` is produced with `mem::zeroed` here, skipping the check on `value` that `Level::new` makes before it will construct one
  --> $DIR/unchecked_construction.rs:337:17
   |
LL |                 std::mem::zeroed::<inner::Level>(),
   |                 ^^^^^^^^^^^^^^^^^^^^^^^^^^^^^^^^^^
   |
note: the check in `Level::new` that this value never went through
  --> $DIR/unchecked_construction.rs:257:16
   |
LL |             if v <= 10 { Ok(Level { value: v }) } else { Err(()) }
   |                ^^^^^^^
   = help: construct it with `Level::new(..)`, or add an explicitly unchecked constructor beside `Level::new` and call that, so the bypass is visible where the check lives

warning: `gate::Gate` is produced with `mem::transmute` here, skipping the check on `v` that `Gate::new` makes before it will construct one
  --> $DIR/unchecked_construction.rs:338:17
   |
LL |                 std::mem::transmute::<u8, gate::Gate>(0),
   |                 ^^^^^^^^^^^^^^^^^^^^^^^^^^^^^^^^^^^^^^^^
   |
note: the check in `Gate::new` that this value never went through
  --> $DIR/unchecked_construction.rs:406:16
   |
LL |             if v < 2 { Some(Gate { v }) } else { None }
   |                ^^^^^
   = help: construct it with `Gate::new(..)`, or add an explicitly unchecked constructor beside `Gate::new` and call that, so the bypass is visible where the check lives

warning: `gate::Gate` is produced with `MaybeUninit::assume_init` here, skipping the check on `v` that `Gate::new` makes before it will construct one
  --> $DIR/unchecked_construction.rs:339:17
   |
LL |                 std::mem::MaybeUninit::<gate::Gate>::zeroed().assume_init(),
   |                 ^^^^^^^^^^^^^^^^^^^^^^^^^^^^^^^^^^^^^^^^^^^^^^^^^^^^^^^^^^^
   |
note: the check in `Gate::new` that this value never went through
  --> $DIR/unchecked_construction.rs:406:16
   |
LL |             if v < 2 { Some(Gate { v }) } else { None }
   |                ^^^^^
   = help: construct it with `Gate::new(..)`, or add an explicitly unchecked constructor beside `Gate::new` and call that, so the bypass is visible where the check lives

warning: `widened::Tag::s` is assigned directly here, skipping the check that `Tag::new` runs on `s` before storing it
  --> $DIR/unchecked_construction.rs:432:13
   |
LL |             u.s = "";
   |             ^^^^^^^^
   |
note: the check in `Tag::new` that this write skips
  --> $DIR/unchecked_construction.rs:422:16
   |
LL |             if s.is_empty() { None } else { Some(Tag { s }) }
   |                ^^^^^^^^^^^^
   = help: change `s` through a method of `Tag` that repeats the check, or make `s` private so this write only compiles inside `Tag`'s own module

warning: `promoted::Slot` is produced with `mem::transmute` here, skipping the check on `n` that `Slot::promote` makes before it will construct one
  --> $DIR/unchecked_construction.rs:465:22
   |
LL |             unsafe { std::mem::transmute::<Slot<Raw>, Slot<Ok>>(s) }
   |                      ^^^^^^^^^^^^^^^^^^^^^^^^^^^^^^^^^^^^^^^^^^^^^
   |
note: the check in `Slot::promote` that this value never went through
  --> $DIR/unchecked_construction.rs:451:16
   |
LL |             if n == 0 { None } else { Some(Slot { n, state: PhantomData }) }
   |                ^^^^^^
   = help: construct it with `Slot::promote(..)`, or add an explicitly unchecked constructor beside `Slot::promote` and call that, so the bypass is visible where the check lives

warning: `two_validators::Pair` is constructed by hand here, skipping the check on `b` that `Pair::parse` makes before it will construct one
  --> $DIR/unchecked_construction.rs:492:13
   |
LL |             Pair { b: 200, ..base }
   |             ^^^^^^^^^^^^^^^^^^^^^^^
   |
note: the check in `Pair::parse` that this literal skips
  --> $DIR/unchecked_construction.rs:482:16
   |
LL |             if b > 99 { None } else { Some(Pair { a: 0, b }) }
   |                ^^^^^^
   = help: construct it with `Pair::parse(..)`, or make `b` private so a literal like this only compiles inside `Pair`'s own module

warning: `tuple::Digit` is constructed by hand here, skipping the check on `0` that `Digit::new` makes before it will construct one
  --> $DIR/unchecked_construction.rs:514:14
   |
LL |             (Digit(10), Plain(10))
   |              ^^^^^^^^^
   |
note: the check in `Digit::new` that this literal skips
  --> $DIR/unchecked_construction.rs:502:16
   |
LL |             if d > 9 { None } else { Some(Digit(d)) }
   |                ^^^^^
   = help: construct it with `Digit::new(..)`, or make `0` private so a literal like this only compiles inside `Digit`'s own module

warning: 13 warnings emitted

